2011-6-10 11:25:46 org.apache.catalina.core.AprLifecycleListener init
信息: The APR based Apache Tomcat Native library which allows optimal performance in production environments was not found on the java.library.path: c:\Program Files\Java\jdk1.6.0_13\bin;.;C:\Windows\Sun\Java\bin;C:\Windows\system32;C:\Windows;c:\windows\system32;d:\CUBRID8.4_server\Manager\cmclient\;d:\CUBRID8.4_server\bin\;C:\Program Files\Haskell\bin;C:\Program Files\Haskell Platform\2010.2.0.0\lib\extralibs\bin;C:\Program Files\Haskell Platform\2010.2.0.0\bin;C:\Program Files\Common Files\Microsoft Shared\Windows Live;C:\Windows\system32;C:\Windows;C:\Windows\System32\Wbem;C:\Windows\System32\WindowsPowerShell\v1.0\;C:\Program Files\Common Files\Thunder Network\KanKan\Codecs;C:\Program Files\SlikSvn\bin\;C:\Program Files\TortoiseSVN\bin;d:\dev_programs\apache-ant-1.8.1\bin\;c:\Program Files\Git\bin\;C:\Program Files\Windows Live\Shared;C:\Program Files\Microsoft SQL Server\100\Tools\Binn\;C:\Program Files\Microsoft SQL Server\100\DTS\Binn\;C:\Program Files\Microsoft SQL Server\100\Tools\Binn\VSShell\Common7\IDE\;d:\dev_programs\apache-maven-2.2.1\bin\;c:\Program Files\Java\jdk1.6.0_13\bin\;C:\Program Files\VanDyke Software\SecureFX\;C:\Program Files\IEInspector\HTTPAnalyzerFullV6\;C:\Users\vigosun\AppData\Roaming\cabal\bin
2011-6-10 11:25:47 org.apache.coyote.http11.Http11Protocol init
信息: Initializing Coyote HTTP/1.1 on http-8080
2011-6-10 11:25:47 org.apache.catalina.startup.Catalina load
信息: Initialization processed in 875 ms
2011-6-10 11:25:47 org.apache.catalina.core.StandardService start
信息: Starting service Catalina
2011-6-10 11:25:47 org.apache.catalina.core.StandardEngine start
信息: Starting Servlet Engine: Apache Tomcat/6.0.18
2011-6-10 11:25:49 org.apache.catalina.loader.WebappClassLoader validateJarFile
信息: validateJarFile(D:\dev_programs\tomcat-6.0.18\webapps\examples\WEB-INF\lib\servlet-api-2.3.jar) - jar not loaded. See Servlet Spec 2.3, section 9.7.2. Offending class: javax/servlet/Servlet.class
2011-6-10 11:25:54 com.nhncorp.lucy.rb.service.loader.ComponentLoader protocolFactoryList
信息: NimmProtocolFactory{ProtocolInfo=[ProtocolInfo(rpc:NPC_BIN_HESSIAN transport:NIMM)]} ProtocolFactory detected
2011-6-10 11:25:54 com.nhncorp.lucy.rb.service.loader.ComponentLoader protocolFactoryList
信息: NimmProtocolFactory{ProtocolInfo=[ProtocolInfo(rpc:NPC_BIN_HESSIAN transport:NIMM)]} ProtocolFactory unload
2011-6-10 11:25:54 com.nhncorp.lucy.rb.service.loader.ComponentLoader protocolFactoryList
信息: NPCProtocolFactory{protocolInfo=[ProtocolInfo(rpc:NPC_BIN_HESSIAN transport:TCP/IP), ProtocolInfo(rpc:NPC_BIN_HESSIAN transport:TCP/IPv4)]} ProtocolFactory detected
2011-6-10 11:25:54 com.nhncorp.lucy.rb.service.loader.ComponentLoader protocolFactoryList
信息: NPCProtocolFactory{protocolInfo=[ProtocolInfo(rpc:NPC_BIN_HESSIAN transport:TCP/IP), ProtocolInfo(rpc:NPC_BIN_HESSIAN transport:TCP/IPv4)]} ProtocolFactory load
2011-6-10 11:25:59 org.apache.catalina.loader.WebappClassLoader validateJarFile
信息: validateJarFile(D:\dev_programs\tomcat-6.0.18\webapps\grinderControllerUSF-1.0\WEB-INF\lib\servlet-api-2.3.jar) - jar not loaded. See Servlet Spec 2.3, section 9.7.2. Offending class: javax/servlet/Servlet.class
2011-6-10 11:26:03 com.nhncorp.lucy.rb.service.loader.ComponentLoader protocolFactoryList
信息: NimmProtocolFactory{ProtocolInfo=[ProtocolInfo(rpc:NPC_BIN_HESSIAN transport:NIMM)]} ProtocolFactory detected
2011-6-10 11:26:03 com.nhncorp.lucy.rb.service.loader.ComponentLoader protocolFactoryList
信息: NimmProtocolFactory{ProtocolInfo=[ProtocolInfo(rpc:NPC_BIN_HESSIAN transport:NIMM)]} ProtocolFactory unload
2011-6-10 11:26:03 com.nhncorp.lucy.rb.service.loader.ComponentLoader protocolFactoryList
信息: NPCProtocolFactory{protocolInfo=[ProtocolInfo(rpc:NPC_BIN_HESSIAN transport:TCP/IP), ProtocolInfo(rpc:NPC_BIN_HESSIAN transport:TCP/IPv4)]} ProtocolFactory detected
2011-6-10 11:26:03 com.nhncorp.lucy.rb.service.loader.ComponentLoader protocolFactoryList
信息: NPCProtocolFactory{protocolInfo=[ProtocolInfo(rpc:NPC_BIN_HESSIAN transport:TCP/IP), ProtocolInfo(rpc:NPC_BIN_HESSIAN transport:TCP/IPv4)]} ProtocolFactory load
2011-6-10 11:26:07 org.apache.coyote.http11.Http11Protocol start
信息: Starting Coyote HTTP/1.1 on http-8080
2011-6-10 11:26:07 org.apache.jk.common.ChannelSocket init
信息: JK: ajp13 listening on /0.0.0.0:8009
2011-6-10 11:26:07 org.apache.jk.server.JkMain start
信息: Jk running ID=0 time=0/37  config=null
2011-6-10 11:26:07 org.apache.catalina.startup.Catalina start
信息: Server startup in 20755 ms
2011-6-10 11:34:20 org.apache.coyote.http11.Http11Protocol pause
信息: Pausing Coyote HTTP/1.1 on http-8080